This is pdfTeX, Version 3.14159265-2.6-1.40.16 (TeX Live 2015) (preloaded format=pdflatex 2015.11.24)  23 SEP 2016 16:39
entering extended mode
 restricted \write18 enabled.
 %&-line parsing enabled.
**test.tex
(./test.tex
LaTeX2e <2015/01/01>
Babel <3.9l> and hyphenation patterns for 79 languages loaded.
(/usr/local/texlive/2015/texmf-dist/tex/latex/base/article.cls
Document Class: article 2014/09/29 v1.4h Standard LaTeX document class
(/usr/local/texlive/2015/texmf-dist/tex/latex/base/size10.clo
File: size10.clo 2014/09/29 v1.4h Standard LaTeX file (size option)
)
\c@part=\count79
\c@section=\count80
\c@subsection=\count81
\c@subsubsection=\count82
\c@paragraph=\count83
\c@subparagraph=\count84
\c@figure=\count85
\c@table=\count86
\abovecaptionskip=\skip41
\belowcaptionskip=\skip42
\bibindent=\dimen102
)
(/usr/local/texlive/2015/texmf-dist/tex/latex/amsmath/amsmath.sty
Package: amsmath 2013/01/14 v2.14 AMS math features
\@mathmargin=\skip43

For additional information on amsmath, use the `?' option.
(/usr/local/texlive/2015/texmf-dist/tex/latex/amsmath/amstext.sty
Package: amstext 2000/06/29 v2.01

(/usr/local/texlive/2015/texmf-dist/tex/latex/amsmath/amsgen.sty
File: amsgen.sty 1999/11/30 v2.0
\@emptytoks=\toks14
\ex@=\dimen103
))
(/usr/local/texlive/2015/texmf-dist/tex/latex/amsmath/amsbsy.sty
Package: amsbsy 1999/11/29 v1.2d
\pmbraise@=\dimen104
)
(/usr/local/texlive/2015/texmf-dist/tex/latex/amsmath/amsopn.sty
Package: amsopn 1999/12/14 v2.01 operator names
)
\inf@bad=\count87
LaTeX Info: Redefining \frac on input line 210.
\uproot@=\count88
\leftroot@=\count89
LaTeX Info: Redefining \overline on input line 306.
\classnum@=\count90
\DOTSCASE@=\count91
LaTeX Info: Redefining \ldots on input line 378.
LaTeX Info: Redefining \dots on input line 381.
LaTeX Info: Redefining \cdots on input line 466.
\Mathstrutbox@=\box26
\strutbox@=\box27
\big@size=\dimen105
LaTeX Font Info:    Redeclaring font encoding OML on input line 566.
LaTeX Font Info:    Redeclaring font encoding OMS on input line 567.
\macc@depth=\count92
\c@MaxMatrixCols=\count93
\dotsspace@=\muskip10
\c@parentequation=\count94
\dspbrk@lvl=\count95
\tag@help=\toks15
\row@=\count96
\column@=\count97
\maxfields@=\count98
\andhelp@=\toks16
\eqnshift@=\dimen106
\alignsep@=\dimen107
\tagshift@=\dimen108
\tagwidth@=\dimen109
\totwidth@=\dimen110
\lineht@=\dimen111
\@envbody=\toks17
\multlinegap=\skip44
\multlinetaggap=\skip45
\mathdisplay@stack=\toks18
LaTeX Info: Redefining \[ on input line 2665.
LaTeX Info: Redefining \] on input line 2666.
)
(/usr/local/texlive/2015/texmf-dist/tex/latex/koma-script/scrextend.sty
Package: scrextend 2015/05/06 v3.17a KOMA-Script package (extend other classes 
with features of KOMA-Script classes)

(/usr/local/texlive/2015/texmf-dist/tex/latex/koma-script/scrkbase.sty
Package: scrkbase 2015/05/06 v3.17a KOMA-Script package (KOMA-Script-dependent 
basics and keyval usage)

(/usr/local/texlive/2015/texmf-dist/tex/latex/koma-script/scrbase.sty
Package: scrbase 2015/05/06 v3.17a KOMA-Script package (KOMA-Script-independent
 basics and keyval usage)

(/usr/local/texlive/2015/texmf-dist/tex/latex/graphics/keyval.sty
Package: keyval 2014/10/28 v1.15 key=value parser (DPC)
\KV@toks@=\toks19
)
(/usr/local/texlive/2015/texmf-dist/tex/latex/koma-script/scrlfile.sty
Package: scrlfile 2015/05/06 v3.17a KOMA-Script package (loading files)

Package scrlfile, 2015/05/06 v3.17a KOMA-Script package (loading files)
                  Copyright (C) Markus Kohm

)))
LaTeX Info: Redefining \textsubscript on input line 1265.
) (/usr/local/texlive/2015/texmf-dist/tex/latex/amsfonts/amssymb.sty
Package: amssymb 2013/01/14 v3.01 AMS font symbols

(/usr/local/texlive/2015/texmf-dist/tex/latex/amsfonts/amsfonts.sty
Package: amsfonts 2013/01/14 v3.01 Basic AMSFonts support
\symAMSa=\mathgroup4
\symAMSb=\mathgroup5
LaTeX Font Info:    Overwriting math alphabet `\mathfrak' in version `bold'
(Font)                  U/euf/m/n --> U/euf/b/n on input line 106.
))
(/usr/local/texlive/2015/texmf-dist/tex/latex/geometry/geometry.sty
Package: geometry 2010/09/12 v5.6 Page Geometry

(/usr/local/texlive/2015/texmf-dist/tex/generic/oberdiek/ifpdf.sty
Package: ifpdf 2011/01/30 v2.3 Provides the ifpdf switch (HO)
Package ifpdf Info: pdfTeX in PDF mode is detected.
)
(/usr/local/texlive/2015/texmf-dist/tex/generic/oberdiek/ifvtex.sty
Package: ifvtex 2010/03/01 v1.5 Detect VTeX and its facilities (HO)
Package ifvtex Info: VTeX not detected.
)
(/usr/local/texlive/2015/texmf-dist/tex/generic/ifxetex/ifxetex.sty
Package: ifxetex 2010/09/12 v0.6 Provides ifxetex conditional
)
\Gm@cnth=\count99
\Gm@cntv=\count100
\c@Gm@tempcnt=\count101
\Gm@bindingoffset=\dimen112
\Gm@wd@mp=\dimen113
\Gm@odd@mp=\dimen114
\Gm@even@mp=\dimen115
\Gm@layoutwidth=\dimen116
\Gm@layoutheight=\dimen117
\Gm@layouthoffset=\dimen118
\Gm@layoutvoffset=\dimen119
\Gm@dimlist=\toks20
)
(/usr/local/texlive/2015/texmf-dist/tex/latex/fancyhdr/fancyhdr.sty
\fancy@headwidth=\skip46
\f@ncyO@elh=\skip47
\f@ncyO@erh=\skip48
\f@ncyO@olh=\skip49
\f@ncyO@orh=\skip50
\f@ncyO@elf=\skip51
\f@ncyO@erf=\skip52
\f@ncyO@olf=\skip53
\f@ncyO@orf=\skip54
)
(./test.aux)
\openout1 = `test.aux'.

LaTeX Font Info:    Checking defaults for OML/cmm/m/it on input line 14.
LaTeX Font Info:    ... okay on input line 14.
LaTeX Font Info:    Checking defaults for T1/cmr/m/n on input line 14.
LaTeX Font Info:    ... okay on input line 14.
LaTeX Font Info:    Checking defaults for OT1/cmr/m/n on input line 14.
LaTeX Font Info:    ... okay on input line 14.
LaTeX Font Info:    Checking defaults for OMS/cmsy/m/n on input line 14.
LaTeX Font Info:    ... okay on input line 14.
LaTeX Font Info:    Checking defaults for OMX/cmex/m/n on input line 14.
LaTeX Font Info:    ... okay on input line 14.
LaTeX Font Info:    Checking defaults for U/cmr/m/n on input line 14.
LaTeX Font Info:    ... okay on input line 14.

*geometry* driver: auto-detecting
*geometry* detected driver: pdftex
*geometry* verbose mode - [ preamble ] result:
* driver: pdftex
* paper: a4paper
* layout: <same size as paper>
* layoutoffset:(h,v)=(0.0pt,0.0pt)
* modes: 
* h-part:(L,W,R)=(50.58878pt, 496.33032pt, 50.58878pt)
* v-part:(T,H,B)=(72.26999pt, 700.50687pt, 72.26999pt)
* \paperwidth=597.50787pt
* \paperheight=845.04684pt
* \textwidth=496.33032pt
* \textheight=700.50687pt
* \oddsidemargin=-21.68121pt
* \evensidemargin=-21.68121pt
* \topmargin=-37.0pt
* \headheight=12.0pt
* \headsep=25.0pt
* \topskip=10.0pt
* \footskip=30.0pt
* \marginparwidth=65.0pt
* \marginparsep=11.0pt
* \columnsep=10.0pt
* \skip\footins=15.0pt plus 6.66595pt minus 3.33405pt
* \hoffset=0.0pt
* \voffset=0.0pt
* \mag=1000
* \@twocolumnfalse
* \@twosidefalse
* \@mparswitchfalse
* \@reversemarginfalse
* (1in=72.27pt=25.4mm, 1cm=28.453pt)

LaTeX Font Info:    Calculating math sizes for size <14> on input line 16.
LaTeX Font Info:    Try loading font information for U+msa on input line 16.
(/usr/local/texlive/2015/texmf-dist/tex/latex/amsfonts/umsa.fd
File: umsa.fd 2013/01/14 v3.01 AMS symbols A
)
LaTeX Font Info:    Try loading font information for U+msb on input line 16.

(/usr/local/texlive/2015/texmf-dist/tex/latex/amsfonts/umsb.fd
File: umsb.fd 2013/01/14 v3.01 AMS symbols B
)
Underfull \hbox (badness 10000) in paragraph at lines 15--18

 []


Underfull \hbox (badness 10000) in paragraph at lines 20--21

 []


Underfull \hbox (badness 10000) in paragraph at lines 22--25

 []


Underfull \hbox (badness 10000) in paragraph at lines 30--31

 []


Underfull \hbox (badness 10000) in paragraph at lines 32--35

 []

LaTeX Font Info:    Try loading font information for OMS+cmr on input line 46.
(/usr/local/texlive/2015/texmf-dist/tex/latex/base/omscmr.fd
File: omscmr.fd 2014/09/29 v2.5h Standard LaTeX font definitions
)
LaTeX Font Info:    Font shape `OMS/cmr/m/n' in size <10> not available
(Font)              Font shape `OMS/cmsy/m/n' tried instead on input line 46.
 [1

{/usr/local/texlive/2015/texmf-var/fonts/map/pdftex/updmap/pdftex.map}]
Underfull \hbox (badness 10000) in paragraph at lines 46--47

 []


Underfull \hbox (badness 10000) in paragraph at lines 48--51

 []


Underfull \hbox (badness 10000) in paragraph at lines 54--55

 []


Underfull \hbox (badness 10000) in paragraph at lines 56--59

 []

[2]
Underfull \hbox (badness 10000) in paragraph at lines 62--63

 []


Underfull \hbox (badness 10000) in paragraph at lines 64--67

 []


Underfull \hbox (badness 10000) in paragraph at lines 69--70

 []


Underfull \hbox (badness 10000) in paragraph at lines 71--74

 []


Underfull \hbox (badness 10000) in paragraph at lines 76--77

 []


Underfull \hbox (badness 10000) in paragraph at lines 78--81

 []


Underfull \hbox (badness 10000) in paragraph at lines 83--85

 []

[3]
Underfull \hbox (badness 10000) in paragraph at lines 86--89

 []


Underfull \hbox (badness 10000) in paragraph at lines 92--93

 []


Underfull \hbox (badness 10000) in paragraph at lines 94--97

 []


Underfull \hbox (badness 10000) in paragraph at lines 99--100

 []


Underfull \hbox (badness 10000) in paragraph at lines 101--104

 []


Underfull \hbox (badness 10000) in paragraph at lines 107--108

 []

[4]
Underfull \hbox (badness 10000) in paragraph at lines 109--112

 []


Overfull \hbox (2.02728pt too wide) in paragraph at lines 125--125
[] 
 []


Underfull \hbox (badness 10000) in paragraph at lines 125--126

 []


Underfull \hbox (badness 10000) in paragraph at lines 127--130

 []

[5]
Underfull \hbox (badness 10000) in paragraph at lines 134--135

 []


Underfull \hbox (badness 10000) in paragraph at lines 136--139

 []


Underfull \hbox (badness 10000) in paragraph at lines 149--150

 []


Underfull \hbox (badness 10000) in paragraph at lines 151--154

 []

[6]
Underfull \hbox (badness 10000) in paragraph at lines 158--159

 []


Underfull \hbox (badness 10000) in paragraph at lines 160--163

 []


Underfull \hbox (badness 10000) in paragraph at lines 167--168

 []


Underfull \hbox (badness 10000) in paragraph at lines 173--175

 []


Underfull \hbox (badness 10000) in paragraph at lines 179--180

 []

[7]
Underfull \hbox (badness 10000) in paragraph at lines 185--187

 []


Underfull \hbox (badness 10000) in paragraph at lines 193--194

 []


Underfull \hbox (badness 10000) in paragraph at lines 195--198

 []

[8]
Underfull \hbox (badness 10000) in paragraph at lines 205--206

 []


Underfull \hbox (badness 10000) in paragraph at lines 207--210

 []

[9]
Underfull \hbox (badness 10000) in paragraph at lines 221--222

 []


Underfull \hbox (badness 10000) in paragraph at lines 227--229

 []

[10]
Underfull \hbox (badness 10000) in paragraph at lines 234--235

 []


Underfull \hbox (badness 10000) in paragraph at lines 240--242

 []


Underfull \hbox (badness 10000) in paragraph at lines 247--248

 []


Underfull \hbox (badness 10000) in paragraph at lines 249--252

 []

[11]
Underfull \hbox (badness 10000) in paragraph at lines 263--264

 []


Underfull \hbox (badness 10000) in paragraph at lines 265--268

 []


Underfull \hbox (badness 10000) in paragraph at lines 273--274

 []

[12]
Underfull \hbox (badness 10000) in paragraph at lines 275--278

 []


Underfull \hbox (badness 10000) in paragraph at lines 291--292

 []


Underfull \hbox (badness 10000) in paragraph at lines 293--296

 []

[13]
Underfull \hbox (badness 10000) in paragraph at lines 307--308

 []


Underfull \hbox (badness 10000) in paragraph at lines 313--315

 []

[14]
Underfull \hbox (badness 10000) in paragraph at lines 322--323

 []


Underfull \hbox (badness 10000) in paragraph at lines 328--330

 []


Underfull \hbox (badness 10000) in paragraph at lines 335--336

 []

[15]
Underfull \hbox (badness 10000) in paragraph at lines 341--343

 []


Underfull \hbox (badness 10000) in paragraph at lines 348--349

 []


Underfull \hbox (badness 10000) in paragraph at lines 354--356

 []


Underfull \hbox (badness 10000) in paragraph at lines 361--362

 []


Underfull \hbox (badness 10000) in paragraph at lines 363--366

 []

[16]
Underfull \hbox (badness 10000) in paragraph at lines 381--382

 []


Underfull \hbox (badness 10000) in paragraph at lines 383--386

 []

[17]
Underfull \hbox (badness 10000) in paragraph at lines 397--398

 []


Underfull \hbox (badness 10000) in paragraph at lines 399--402

 []

[18]
Underfull \hbox (badness 10000) in paragraph at lines 408--409

 []


Underfull \hbox (badness 10000) in paragraph at lines 410--413

 []


Underfull \hbox (badness 10000) in paragraph at lines 419--420

 []


Underfull \hbox (badness 10000) in paragraph at lines 421--424

 []

[19]
Underfull \hbox (badness 10000) in paragraph at lines 437--438

 []


Underfull \hbox (badness 10000) in paragraph at lines 439--442

 []

[20]
Underfull \hbox (badness 10000) in paragraph at lines 458--459

 []


Underfull \hbox (badness 10000) in paragraph at lines 460--463

 []

[21] [22]
Underfull \hbox (badness 10000) in paragraph at lines 480--481

 []


Underfull \hbox (badness 10000) in paragraph at lines 482--485

 []

[23]
Underfull \hbox (badness 10000) in paragraph at lines 496--497

 []


Underfull \hbox (badness 10000) in paragraph at lines 498--501

 []

[24]
Underfull \hbox (badness 10000) in paragraph at lines 508--509

 []


Underfull \hbox (badness 10000) in paragraph at lines 510--513

 []


Underfull \hbox (badness 10000) in paragraph at lines 520--521

 []


Underfull \hbox (badness 10000) in paragraph at lines 522--525

 []

[25]
Underfull \hbox (badness 10000) in paragraph at lines 533--534

 []


Underfull \hbox (badness 10000) in paragraph at lines 535--538

 []

[26]
Underfull \hbox (badness 10000) in paragraph at lines 551--552

 []


Underfull \hbox (badness 10000) in paragraph at lines 553--556

 []

[27]
Underfull \hbox (badness 10000) in paragraph at lines 566--567

 []


Underfull \hbox (badness 10000) in paragraph at lines 568--571

 []

[28]
Underfull \hbox (badness 10000) in paragraph at lines 584--585

 []


Underfull \hbox (badness 10000) in paragraph at lines 596--597

 []


Underfull \hbox (badness 10000) in paragraph at lines 598--601

 []

[29]
Underfull \hbox (badness 10000) in paragraph at lines 610--611

 []


Underfull \hbox (badness 10000) in paragraph at lines 612--615

 []

[30]
Underfull \hbox (badness 10000) in paragraph at lines 621--622

 []


Underfull \hbox (badness 10000) in paragraph at lines 623--626

 []


Underfull \hbox (badness 10000) in paragraph at lines 632--633

 []


Underfull \hbox (badness 10000) in paragraph at lines 634--637

 []

[31]
Underfull \hbox (badness 10000) in paragraph at lines 643--644

 []


Underfull \hbox (badness 10000) in paragraph at lines 645--648

 []


Underfull \hbox (badness 10000) in paragraph at lines 654--655

 []


Underfull \hbox (badness 10000) in paragraph at lines 656--659

 []

[32]
Underfull \hbox (badness 10000) in paragraph at lines 665--666

 []


Underfull \hbox (badness 10000) in paragraph at lines 667--670

 []


Underfull \hbox (badness 10000) in paragraph at lines 681--682

 []


Underfull \hbox (badness 10000) in paragraph at lines 683--686

 []

[33]
Underfull \hbox (badness 10000) in paragraph at lines 697--698

 []


Underfull \hbox (badness 10000) in paragraph at lines 699--702

 []


Underfull \hbox (badness 10000) in paragraph at lines 711--712

 []


Underfull \hbox (badness 10000) in paragraph at lines 713--716

 []

[34]
Underfull \hbox (badness 10000) in paragraph at lines 725--726

 []


Underfull \hbox (badness 10000) in paragraph at lines 740--741

 []


Underfull \hbox (badness 10000) in paragraph at lines 742--745

 []

[35]
Underfull \hbox (badness 10000) in paragraph at lines 750--751

 []


Underfull \hbox (badness 10000) in paragraph at lines 752--755

 []


Underfull \hbox (badness 10000) in paragraph at lines 760--761

 []


Underfull \hbox (badness 10000) in paragraph at lines 762--765

 []

[36]
Underfull \hbox (badness 10000) in paragraph at lines 770--771

 []


Underfull \hbox (badness 10000) in paragraph at lines 772--775

 []


Underfull \hbox (badness 10000) in paragraph at lines 786--787

 []


Underfull \hbox (badness 10000) in paragraph at lines 788--791

 []

[37]
Underfull \hbox (badness 10000) in paragraph at lines 802--803

 []


Underfull \hbox (badness 10000) in paragraph at lines 804--807

 []

[38]
Underfull \hbox (badness 10000) in paragraph at lines 816--817

 []


Underfull \hbox (badness 10000) in paragraph at lines 818--821

 []


Underfull \hbox (badness 10000) in paragraph at lines 829--834

 []


Underfull \hbox (badness 10000) in paragraph at lines 835--838

 []

[39]
Underfull \hbox (badness 10000) in paragraph at lines 840--841

 []


Underfull \hbox (badness 10000) in paragraph at lines 842--845

 []


Underfull \hbox (badness 10000) in paragraph at lines 854--860

 []

[40]
Underfull \hbox (badness 10000) in paragraph at lines 861--864

 []


Underfull \hbox (badness 10000) in paragraph at lines 870--871

 []


Underfull \hbox (badness 10000) in paragraph at lines 872--875

 []


Underfull \hbox (badness 10000) in paragraph at lines 877--878

 []

[41]
Underfull \hbox (badness 10000) in paragraph at lines 879--882

 []


Underfull \hbox (badness 10000) in paragraph at lines 884--885

 []


Underfull \hbox (badness 10000) in paragraph at lines 886--889

 []


Underfull \hbox (badness 10000) in paragraph at lines 893--894

 []


Underfull \hbox (badness 10000) in paragraph at lines 895--898

 []

[42]
Underfull \hbox (badness 10000) in paragraph at lines 902--903

 []


Underfull \hbox (badness 10000) in paragraph at lines 904--907

 []


Underfull \hbox (badness 10000) in paragraph at lines 911--912

 []


Underfull \hbox (badness 10000) in paragraph at lines 913--916

 []


Underfull \hbox (badness 10000) in paragraph at lines 920--921

 []

[43]
Underfull \hbox (badness 10000) in paragraph at lines 922--925

 []


Underfull \hbox (badness 10000) in paragraph at lines 929--930

 []


Underfull \hbox (badness 10000) in paragraph at lines 931--934

 []


Underfull \hbox (badness 10000) in paragraph at lines 944--945

 []


Underfull \hbox (badness 10000) in paragraph at lines 946--949

 []

[44]
Underfull \hbox (badness 10000) in paragraph at lines 959--960

 []


Underfull \hbox (badness 10000) in paragraph at lines 961--964

 []

[45]
Underfull \hbox (badness 10000) in paragraph at lines 974--975

 []


Underfull \hbox (badness 10000) in paragraph at lines 976--979

 []


Underfull \hbox (badness 10000) in paragraph at lines 991--992

 []

[46]
Underfull \hbox (badness 10000) in paragraph at lines 993--996

 []


Underfull \hbox (badness 10000) in paragraph at lines 1002--1003

 []


Underfull \hbox (badness 10000) in paragraph at lines 1004--1007

 []


Underfull \hbox (badness 10000) in paragraph at lines 1017--1018

 []


Underfull \hbox (badness 10000) in paragraph at lines 1019--1022

 []

[47]
Underfull \hbox (badness 10000) in paragraph at lines 1034--1035

 []


Underfull \hbox (badness 10000) in paragraph at lines 1036--1039

 []

[48]
Underfull \hbox (badness 10000) in paragraph at lines 1051--1052

 []


Underfull \hbox (badness 10000) in paragraph at lines 1053--1056

 []

[49]
Underfull \hbox (badness 10000) in paragraph at lines 1068--1069

 []


Underfull \hbox (badness 10000) in paragraph at lines 1070--1073

 []

[50]
Underfull \hbox (badness 10000) in paragraph at lines 1084--1085

 []


Underfull \hbox (badness 10000) in paragraph at lines 1086--1089

 []

[51]
Underfull \hbox (badness 10000) in paragraph at lines 1100--1101

 []


Underfull \hbox (badness 10000) in paragraph at lines 1102--1105

 []


Underfull \hbox (badness 10000) in paragraph at lines 1110--1111

 []


Underfull \hbox (badness 10000) in paragraph at lines 1112--1115

 []

[52]
Underfull \hbox (badness 10000) in paragraph at lines 1120--1121

 []


Underfull \hbox (badness 10000) in paragraph at lines 1122--1125

 []


Underfull \hbox (badness 10000) in paragraph at lines 1130--1131

 []


Underfull \hbox (badness 10000) in paragraph at lines 1132--1135

 []

[53]
Underfull \hbox (badness 10000) in paragraph at lines 1148--1149

 []


Underfull \hbox (badness 10000) in paragraph at lines 1150--1153

 []

[54]
Underfull \hbox (badness 10000) in paragraph at lines 1162--1163

 []


Underfull \hbox (badness 10000) in paragraph at lines 1164--1167

 []


Underfull \hbox (badness 10000) in paragraph at lines 1174--1175

 []


Underfull \hbox (badness 10000) in paragraph at lines 1176--1179

 []

[55]
Underfull \hbox (badness 10000) in paragraph at lines 1188--1189

 []


Underfull \hbox (badness 10000) in paragraph at lines 1190--1193

 []


Underfull \hbox (badness 10000) in paragraph at lines 1201--1202

 []


Underfull \hbox (badness 10000) in paragraph at lines 1203--1207

 []

[56]
Underfull \hbox (badness 10000) in paragraph at lines 1220--1221

 []

[57]
Underfull \hbox (badness 10000) in paragraph at lines 1238--1239

 []


Underfull \hbox (badness 10000) in paragraph at lines 1240--1243

 []


Underfull \hbox (badness 10000) in paragraph at lines 1246--1247

 []


Underfull \hbox (badness 10000) in paragraph at lines 1248--1251

 []

[58]
Underfull \hbox (badness 10000) in paragraph at lines 1254--1255

 []


Underfull \hbox (badness 10000) in paragraph at lines 1256--1259

 []


Underfull \hbox (badness 10000) in paragraph at lines 1262--1263

 []


Underfull \hbox (badness 10000) in paragraph at lines 1264--1267

 []


Underfull \hbox (badness 10000) in paragraph at lines 1270--1271

 []


Underfull \hbox (badness 10000) in paragraph at lines 1272--1275

 []


Underfull \hbox (badness 10000) in paragraph at lines 1278--1279

 []

[59]
Underfull \hbox (badness 10000) in paragraph at lines 1280--1283

 []


Underfull \hbox (badness 10000) in paragraph at lines 1286--1287

 []


Underfull \hbox (badness 10000) in paragraph at lines 1288--1291

 []


Underfull \hbox (badness 10000) in paragraph at lines 1295--1296

 []


Underfull \hbox (badness 10000) in paragraph at lines 1297--1300

 []


Underfull \hbox (badness 10000) in paragraph at lines 1303--1304

 []


Underfull \hbox (badness 10000) in paragraph at lines 1305--1309

 []

[60]
Underfull \hbox (badness 10000) in paragraph at lines 1322--1323

 []


Underfull \hbox (badness 10000) in paragraph at lines 1324--1327

 []

[61]
Underfull \hbox (badness 10000) in paragraph at lines 1330--1331

 []


Underfull \hbox (badness 10000) in paragraph at lines 1332--1335

 []


Underfull \hbox (badness 10000) in paragraph at lines 1338--1339

 []


Underfull \hbox (badness 10000) in paragraph at lines 1340--1343

 []


Underfull \hbox (badness 10000) in paragraph at lines 1347--1348

 []

[62]
Underfull \hbox (badness 10000) in paragraph at lines 1365--1366

 []


Underfull \hbox (badness 10000) in paragraph at lines 1367--1371

 []

[63]
Underfull \hbox (badness 10000) in paragraph at lines 1384--1385

 []


Underfull \hbox (badness 10000) in paragraph at lines 1386--1389

 []


Underfull \hbox (badness 10000) in paragraph at lines 1392--1393

 []


Underfull \hbox (badness 10000) in paragraph at lines 1394--1397

 []

[64]
Underfull \hbox (badness 10000) in paragraph at lines 1406--1407

 []


Underfull \hbox (badness 10000) in paragraph at lines 1408--1411

 []

[65]
Underfull \hbox (badness 10000) in paragraph at lines 1423--1424

 []


Underfull \hbox (badness 10000) in paragraph at lines 1425--1428

 []

[66]
Underfull \hbox (badness 10000) in paragraph at lines 1443--1444

 []


Underfull \hbox (badness 10000) in paragraph at lines 1445--1448

 []

[67]
Underfull \hbox (badness 10000) in paragraph at lines 1457--1458

 []


Underfull \hbox (badness 10000) in paragraph at lines 1459--1462

 []

[68]
Underfull \hbox (badness 10000) in paragraph at lines 1467--1475

 []


Underfull \hbox (badness 10000) in paragraph at lines 1476--1479

 []


Underfull \hbox (badness 10000) in paragraph at lines 1484--1485

 []


Underfull \hbox (badness 10000) in paragraph at lines 1486--1489

 []

[69]
Underfull \hbox (badness 10000) in paragraph at lines 1495--1496

 []


Underfull \hbox (badness 10000) in paragraph at lines 1497--1500

 []


Underfull \hbox (badness 10000) in paragraph at lines 1504--1505

 []


Underfull \hbox (badness 10000) in paragraph at lines 1506--1509

 []


Underfull \hbox (badness 10000) in paragraph at lines 1513--1514

 []


Underfull \hbox (badness 10000) in paragraph at lines 1515--1518

 []

[70]
Underfull \hbox (badness 10000) in paragraph at lines 1522--1523

 []


Underfull \hbox (badness 10000) in paragraph at lines 1524--1527

 []


Underfull \hbox (badness 10000) in paragraph at lines 1532--1533

 []


Underfull \hbox (badness 10000) in paragraph at lines 1534--1537

 []


Underfull \hbox (badness 10000) in paragraph at lines 1542--1543

 []


Underfull \hbox (badness 10000) in paragraph at lines 1544--1547

 []

[71]
Underfull \hbox (badness 10000) in paragraph at lines 1550--1551

 []


Underfull \hbox (badness 10000) in paragraph at lines 1552--1555

 []


Underfull \hbox (badness 10000) in paragraph at lines 1563--1564

 []


Underfull \hbox (badness 10000) in paragraph at lines 1565--1568

 []

[72]
Underfull \hbox (badness 10000) in paragraph at lines 1572--1573

 []


Underfull \hbox (badness 10000) in paragraph at lines 1574--1577

 []


Underfull \hbox (badness 10000) in paragraph at lines 1581--1582

 []


Underfull \hbox (badness 10000) in paragraph at lines 1583--1586

 []


Underfull \hbox (badness 10000) in paragraph at lines 1591--1592

 []


Underfull \hbox (badness 10000) in paragraph at lines 1593--1596

 []

[73]
Underfull \hbox (badness 10000) in paragraph at lines 1608--1609

 []


Underfull \hbox (badness 10000) in paragraph at lines 1610--1613

 []


Underfull \hbox (badness 10000) in paragraph at lines 1616--1617

 []

[74]
Underfull \hbox (badness 10000) in paragraph at lines 1618--1621

 []


Underfull \hbox (badness 10000) in paragraph at lines 1627--1628

 []


Underfull \hbox (badness 10000) in paragraph at lines 1629--1632

 []


Underfull \hbox (badness 10000) in paragraph at lines 1638--1639

 []


Underfull \hbox (badness 10000) in paragraph at lines 1640--1643

 []


Overfull \hbox (94.09726pt too wide) in paragraph at lines 1659--1659
[] 
 []

[75]
Underfull \hbox (badness 10000) in paragraph at lines 1659--1660

 []


Underfull \hbox (badness 10000) in paragraph at lines 1661--1664

 []

[76]
Underfull \hbox (badness 10000) in paragraph at lines 1675--1676

 []


Underfull \hbox (badness 10000) in paragraph at lines 1677--1680

 []

[77]
Underfull \hbox (badness 10000) in paragraph at lines 1692--1693

 []


Underfull \hbox (badness 10000) in paragraph at lines 1694--1697

 []

[78]
Underfull \hbox (badness 10000) in paragraph at lines 1707--1708

 []


Underfull \hbox (badness 10000) in paragraph at lines 1720--1721

 []

[79]
Underfull \hbox (badness 10000) in paragraph at lines 1738--1739

 []


Underfull \hbox (badness 10000) in paragraph at lines 1740--1744

 []

[80] (./test.aux) ) 
Here is how much of TeX's memory you used:
 2380 strings out of 493089
 32489 string characters out of 6134841
 120731 words of memory out of 5000000
 5870 multiletter control sequences out of 15000+600000
 8165 words of font info for 31 fonts, out of 8000000 for 9000
 1141 hyphenation exceptions out of 8191
 35i,15n,47p,299b,279s stack positions out of 5000i,500n,10000p,200000b,80000s
</usr/local/texlive/2015/texmf-dist/fonts/type1/public/amsfo
nts/cm/cmbx12.pfb></usr/local/texlive/2015/texmf-dist/fonts/type1/public/amsfon
ts/cm/cmex10.pfb></usr/local/texlive/2015/texmf-dist/fonts/type1/public/amsfont
s/cm/cmmi10.pfb></usr/local/texlive/2015/texmf-dist/fonts/type1/public/amsfonts
/cm/cmmi12.pfb></usr/local/texlive/2015/texmf-dist/fonts/type1/public/amsfonts/
cm/cmr10.pfb></usr/local/texlive/2015/texmf-dist/fonts/type1/public/amsfonts/cm
/cmr12.pfb></usr/local/texlive/2015/texmf-dist/fonts/type1/public/amsfonts/cm/c
mr7.pfb></usr/local/texlive/2015/texmf-dist/fonts/type1/public/amsfonts/cm/cmsy
10.pfb></usr/local/texlive/2015/texmf-dist/fonts/type1/public/amsfonts/cm/cmti1
0.pfb></usr/local/texlive/2015/texmf-dist/fonts/type1/public/amsfonts/cm/cmti12
.pfb></usr/local/texlive/2015/texmf-dist/fonts/type1/public/amsfonts/symbols/ms
bm10.pfb>
Output written on test.pdf (80 pages, 203960 bytes).
PDF statistics:
 308 PDF objects out of 1000 (max. 8388607)
 212 compressed objects within 3 object streams
 0 named destinations out of 1000 (max. 500000)
 1 words of extra memory for PDF output out of 10000 (max. 10000000)

